=== RUN   TestAgentIDMiddleware_MissingHeader
--- PASS: TestAgentIDMiddleware_MissingHeader (0.00s)
=== RUN   TestAgentIDMiddleware_ValidHeader
--- PASS: TestAgentIDMiddleware_ValidHeader (0.00s)
=== RUN   TestAgentIDMiddleware_QueryParam
--- PASS: TestAgentIDMiddleware_QueryParam (0.00s)
=== RUN   TestValidateAgentID_Missing
--- PASS: TestValidateAgentID_Missing (0.00s)
=== RUN   TestValidateAgentID_Present
--- PASS: TestValidateAgentID_Present (0.00s)
=== RUN   TestSessionAccessValidator_ValidAccess
2025/12/20 11:10:45 INFO Session created session_id=910e4afec051638dc70af28e6cf56142 agent_id=agent-1
--- PASS: TestSessionAccessValidator_ValidAccess (0.00s)
=== RUN   TestSessionAccessValidator_WrongAgent
2025/12/20 11:10:45 INFO Session created session_id=51d641d87166f8f16b9012eda74f156a agent_id=agent-1
2025/12/20 11:10:45 WARN Session access denied session_id=51d641d87166f8f16b9012eda74f156a requesting_agent=agent-2 owner_agent=agent-1
2025/12/20 11:10:45 WARN Session access denied: agent mismatch session_id=51d641d87166f8f16b9012eda74f156a requesting_agent=agent-2
--- PASS: TestSessionAccessValidator_WrongAgent (0.00s)
=== RUN   TestSessionAccessValidator_SessionNotFound
--- PASS: TestSessionAccessValidator_SessionNotFound (0.00s)
=== RUN   TestListSessionsForAgent_Filtered
2025/12/20 11:10:45 INFO Session created session_id=0cb74032887c0fdc5db3af65bae26297 agent_id=agent-1
2025/12/20 11:10:45 INFO Session created session_id=b0e30a5474198bf67dd5cb4fb09d4b67 agent_id=agent-1
2025/12/20 11:10:45 INFO Session created session_id=305864a744b2a2e06c785b5a934012ec agent_id=agent-2
--- PASS: TestListSessionsForAgent_Filtered (0.00s)
=== RUN   TestMultiTenantSessionIsolationProperty
2025/12/20 11:10:45 INFO Session created session_id=bd2ea7e6f7342e5740bcf94f6094a537 agent_id=agent-pd06
2025/12/20 11:10:45 WARN Session access denied session_id=bd2ea7e6f7342e5740bcf94f6094a537 requesting_agent=agent-115z owner_agent=agent-pd06
2025/12/20 11:10:45 WARN Session access denied: agent mismatch session_id=bd2ea7e6f7342e5740bcf94f6094a537 requesting_agent=agent-115z
2025/12/20 11:10:45 INFO Session created session_id=afc2d6508fc74c3285745084f8bd3fea agent_id=agent-106h
2025/12/20 11:10:45 WARN Session access denied session_id=afc2d6508fc74c3285745084f8bd3fea requesting_agent=agent-tt41 owner_agent=agent-106h
2025/12/20 11:10:45 WARN Session access denied: agent mismatch session_id=afc2d6508fc74c3285745084f8bd3fea requesting_agent=agent-tt41
2025/12/20 11:10:45 INFO Session created session_id=a7df720f16da9dd34c328ecfd2d2d14a agent_id=agent-43zo
2025/12/20 11:10:45 WARN Session access denied session_id=a7df720f16da9dd34c328ecfd2d2d14a requesting_agent=agent-872e owner_agent=agent-43zo
2025/12/20 11:10:45 WARN Session access denied: agent mismatch session_id=a7df720f16da9dd34c328ecfd2d2d14a requesting_agent=agent-872e
2025/12/20 11:10:45 INFO Session created session_id=cf2265770fbcdd3976398e56507287cd agent_id=agent-o48i
2025/12/20 11:10:45 WARN Session access denied session_id=cf2265770fbcdd3976398e56507287cd requesting_agent=agent-p9i3 owner_agent=agent-o48i
2025/12/20 11:10:45 WARN Session access denied: agent mismatch session_id=cf2265770fbcdd3976398e56507287cd requesting_agent=agent-p9i3
2025/12/20 11:10:45 INFO Session created session_id=e017560e26ec792a3a9e7bae699ee1b0 agent_id=agent-206q
2025/12/20 11:10:45 WARN Session access denied session_id=e017560e26ec792a3a9e7bae699ee1b0 requesting_agent=agent-0533 owner_agent=agent-206q
2025/12/20 11:10:45 WARN Session access denied: agent mismatch session_id=e017560e26ec792a3a9e7bae699ee1b0 requesting_agent=agent-0533
2025/12/20 11:10:45 INFO Session created session_id=3fb75b9cbe8101ad18f9dc626bae97cc agent_id=agent-10sh
2025/12/20 11:10:45 WARN Session access denied session_id=3fb75b9cbe8101ad18f9dc626bae97cc requesting_agent=agent-iutr owner_agent=agent-10sh
2025/12/20 11:10:45 WARN Session access denied: agent mismatch session_id=3fb75b9cbe8101ad18f9dc626bae97cc requesting_agent=agent-iutr
2025/12/20 11:10:45 INFO Session created session_id=16f88d9265732b62be07ec9c9a8028e1 agent_id=agent-5fzf
2025/12/20 11:10:45 WARN Session access denied session_id=16f88d9265732b62be07ec9c9a8028e1 requesting_agent=agent-c622 owner_agent=agent-5fzf
2025/12/20 11:10:45 WARN Session access denied: agent mismatch session_id=16f88d9265732b62be07ec9c9a8028e1 requesting_agent=agent-c622
2025/12/20 11:10:45 INFO Session created session_id=f9060cbd57de540294e5930474041b95 agent_id=agent-1y20
2025/12/20 11:10:45 WARN Session access denied session_id=f9060cbd57de540294e5930474041b95 requesting_agent=agent-rnh4 owner_agent=agent-1y20
2025/12/20 11:10:45 WARN Session access denied: agent mismatch session_id=f9060cbd57de540294e5930474041b95 requesting_agent=agent-rnh4
2025/12/20 11:10:45 INFO Session created session_id=0c610f9c8c5ee749237d4acd42dbee5f agent_id=agent-2033
2025/12/20 11:10:45 WARN Session access denied session_id=0c610f9c8c5ee749237d4acd42dbee5f requesting_agent=agent-gfex owner_agent=agent-2033
2025/12/20 11:10:45 WARN Session access denied: agent mismatch session_id=0c610f9c8c5ee749237d4acd42dbee5f requesting_agent=agent-gfex
2025/12/20 11:10:45 INFO Session created session_id=9443198b05b3d7c5e9a73d8c77792232 agent_id=agent-6ye0
2025/12/20 11:10:45 WARN Session access denied session_id=9443198b05b3d7c5e9a73d8c77792232 requesting_agent=agent-7002 owner_agent=agent-6ye0
2025/12/20 11:10:45 WARN Session access denied: agent mismatch session_id=9443198b05b3d7c5e9a73d8c77792232 requesting_agent=agent-7002
2025/12/20 11:10:45 INFO Session created session_id=bee68df350a849fbd13c13b1aafd52c2 agent_id=agent-j26x
2025/12/20 11:10:45 WARN Session access denied session_id=bee68df350a849fbd13c13b1aafd52c2 requesting_agent=agent-8063 owner_agent=agent-j26x
2025/12/20 11:10:45 WARN Session access denied: agent mismatch session_id=bee68df350a849fbd13c13b1aafd52c2 requesting_agent=agent-8063
2025/12/20 11:10:45 INFO Session created session_id=cec0fa93a2377019320663be8b796d16 agent_id=agent-1yl1
2025/12/20 11:10:45 WARN Session access denied session_id=cec0fa93a2377019320663be8b796d16 requesting_agent=agent-ykc1 owner_agent=agent-1yl1
2025/12/20 11:10:45 WARN Session access denied: agent mismatch session_id=cec0fa93a2377019320663be8b796d16 requesting_agent=agent-ykc1
2025/12/20 11:10:45 INFO Session created session_id=0edf60df90f63fa7ea4b8378aa59f191 agent_id=agent-9u01
2025/12/20 11:10:45 WARN Session access denied session_id=0edf60df90f63fa7ea4b8378aa59f191 requesting_agent=agent-17b4 owner_agent=agent-9u01
2025/12/20 11:10:45 WARN Session access denied: agent mismatch session_id=0edf60df90f63fa7ea4b8378aa59f191 requesting_agent=agent-17b4
2025/12/20 11:10:45 INFO Session created session_id=4d265fcccac8b4895da7c8ee19662443 agent_id=agent-5o30
2025/12/20 11:10:45 WARN Session access denied session_id=4d265fcccac8b4895da7c8ee19662443 requesting_agent=agent-01c3 owner_agent=agent-5o30
2025/12/20 11:10:45 WARN Session access denied: agent mismatch session_id=4d265fcccac8b4895da7c8ee19662443 requesting_agent=agent-01c3
2025/12/20 11:10:45 INFO Session created session_id=0166b6201c7cd4c9f86e1a85ce2ecd6b agent_id=agent-upwz
2025/12/20 11:10:45 WARN Session access denied session_id=0166b6201c7cd4c9f86e1a85ce2ecd6b requesting_agent=agent-qe5v owner_agent=agent-upwz
2025/12/20 11:10:45 WARN Session access denied: agent mismatch session_id=0166b6201c7cd4c9f86e1a85ce2ecd6b requesting_agent=agent-qe5v
2025/12/20 11:10:45 INFO Session created session_id=4ffedac00cfbfadeec459ca8c9074c03 agent_id=agent-wen0
2025/12/20 11:10:45 WARN Session access denied session_id=4ffedac00cfbfadeec459ca8c9074c03 requesting_agent=agent-tt47 owner_agent=agent-wen0
2025/12/20 11:10:45 WARN Session access denied: agent mismatch session_id=4ffedac00cfbfadeec459ca8c9074c03 requesting_agent=agent-tt47
2025/12/20 11:10:45 INFO Session created session_id=460bbebeda7a23d71076e4eb10780408 agent_id=agent-21pp
2025/12/20 11:10:45 WARN Session access denied session_id=460bbebeda7a23d71076e4eb10780408 requesting_agent=agent-c11a owner_agent=agent-21pp
2025/12/20 11:10:45 WARN Session access denied: agent mismatch session_id=460bbebeda7a23d71076e4eb10780408 requesting_agent=agent-c11a
2025/12/20 11:10:45 INFO Session created session_id=1c77f8df510df5502321ee76c8138987 agent_id=agent-0z0r
2025/12/20 11:10:45 WARN Session access denied session_id=1c77f8df510df5502321ee76c8138987 requesting_agent=agent-9p4p owner_agent=agent-0z0r
2025/12/20 11:10:45 WARN Session access denied: agent mismatch session_id=1c77f8df510df5502321ee76c8138987 requesting_agent=agent-9p4p
2025/12/20 11:10:45 INFO Session created session_id=0789ea33da5f3ffd07a79c10296d2bf5 agent_id=agent-0uxr
2025/12/20 11:10:45 WARN Session access denied session_id=0789ea33da5f3ffd07a79c10296d2bf5 requesting_agent=agent-i203 owner_agent=agent-0uxr
2025/12/20 11:10:45 WARN Session access denied: agent mismatch session_id=0789ea33da5f3ffd07a79c10296d2bf5 requesting_agent=agent-i203
2025/12/20 11:10:45 INFO Session created session_id=54ce5fc02a691585dc7a310c301d9976 agent_id=agent-ae44
2025/12/20 11:10:45 WARN Session access denied session_id=54ce5fc02a691585dc7a310c301d9976 requesting_agent=agent-rt01 owner_agent=agent-ae44
2025/12/20 11:10:45 WARN Session access denied: agent mismatch session_id=54ce5fc02a691585dc7a310c301d9976 requesting_agent=agent-rt01
2025/12/20 11:10:45 INFO Session created session_id=3bb6a8a11f177e6b4f7b5c7a30162399 agent_id=agent-1e39
2025/12/20 11:10:45 WARN Session access denied session_id=3bb6a8a11f177e6b4f7b5c7a30162399 requesting_agent=agent-n34a owner_agent=agent-1e39
2025/12/20 11:10:45 WARN Session access denied: agent mismatch session_id=3bb6a8a11f177e6b4f7b5c7a30162399 requesting_agent=agent-n34a
2025/12/20 11:10:45 INFO Session created session_id=9301d911db4fb0e6bfb9878bb7f80948 agent_id=agent-sqzp
2025/12/20 11:10:45 WARN Session access denied session_id=9301d911db4fb0e6bfb9878bb7f80948 requesting_agent=agent-a51x owner_agent=agent-sqzp
2025/12/20 11:10:45 WARN Session access denied: agent mismatch session_id=9301d911db4fb0e6bfb9878bb7f80948 requesting_agent=agent-a51x
2025/12/20 11:10:45 INFO Session created session_id=820da1176f3fb74f00c6144a0a1f3cf4 agent_id=agent-ma5w
2025/12/20 11:10:45 WARN Session access denied session_id=820da1176f3fb74f00c6144a0a1f3cf4 requesting_agent=agent-za9m owner_agent=agent-ma5w
2025/12/20 11:10:45 WARN Session access denied: agent mismatch session_id=820da1176f3fb74f00c6144a0a1f3cf4 requesting_agent=agent-za9m
2025/12/20 11:10:45 INFO Session created session_id=6b6ddffe13e0ca7d527a8da98d73f871 agent_id=agent-2424
2025/12/20 11:10:45 WARN Session access denied session_id=6b6ddffe13e0ca7d527a8da98d73f871 requesting_agent=agent-02bs owner_agent=agent-2424
2025/12/20 11:10:45 WARN Session access denied: agent mismatch session_id=6b6ddffe13e0ca7d527a8da98d73f871 requesting_agent=agent-02bs
2025/12/20 11:10:45 INFO Session created session_id=0a6aa98993648d9ec5e8a1f78ab3c733 agent_id=agent-2j12
2025/12/20 11:10:45 WARN Session access denied session_id=0a6aa98993648d9ec5e8a1f78ab3c733 requesting_agent=agent-0032 owner_agent=agent-2j12
2025/12/20 11:10:45 WARN Session access denied: agent mismatch session_id=0a6aa98993648d9ec5e8a1f78ab3c733 requesting_agent=agent-0032
2025/12/20 11:10:45 INFO Session created session_id=c8796533a85b3abc7b2ce436f9e61c47 agent_id=agent-n001
2025/12/20 11:10:45 WARN Session access denied session_id=c8796533a85b3abc7b2ce436f9e61c47 requesting_agent=agent-fw34 owner_agent=agent-n001
2025/12/20 11:10:45 WARN Session access denied: agent mismatch session_id=c8796533a85b3abc7b2ce436f9e61c47 requesting_agent=agent-fw34
2025/12/20 11:10:45 INFO Session created session_id=10b1f9374c35a09c082b6ba3d5efbcff agent_id=agent-l3xq
2025/12/20 11:10:45 WARN Session access denied session_id=10b1f9374c35a09c082b6ba3d5efbcff requesting_agent=agent-62hw owner_agent=agent-l3xq
2025/12/20 11:10:45 WARN Session access denied: agent mismatch session_id=10b1f9374c35a09c082b6ba3d5efbcff requesting_agent=agent-62hw
2025/12/20 11:10:45 INFO Session created session_id=a1624bc4a8a83f3f1a08deb7231e052c agent_id=agent-3t06
2025/12/20 11:10:45 WARN Session access denied session_id=a1624bc4a8a83f3f1a08deb7231e052c requesting_agent=agent-03mt owner_agent=agent-3t06
2025/12/20 11:10:45 WARN Session access denied: agent mismatch session_id=a1624bc4a8a83f3f1a08deb7231e052c requesting_agent=agent-03mt
2025/12/20 11:10:45 INFO Session created session_id=701e00bf18894e8af10c84b8da135331 agent_id=agent-auww
2025/12/20 11:10:45 WARN Session access denied session_id=701e00bf18894e8af10c84b8da135331 requesting_agent=agent-z5f7 owner_agent=agent-auww
2025/12/20 11:10:45 WARN Session access denied: agent mismatch session_id=701e00bf18894e8af10c84b8da135331 requesting_agent=agent-z5f7
2025/12/20 11:10:45 INFO Session created session_id=35895eda2632e21ce3ac651e7e28a37c agent_id=agent-luyw
2025/12/20 11:10:45 WARN Session access denied session_id=35895eda2632e21ce3ac651e7e28a37c requesting_agent=agent-g6cx owner_agent=agent-luyw
2025/12/20 11:10:45 WARN Session access denied: agent mismatch session_id=35895eda2632e21ce3ac651e7e28a37c requesting_agent=agent-g6cx
2025/12/20 11:10:45 INFO Session created session_id=375b8ba226bb8f7e369fab9d23d7522a agent_id=agent-txe2
2025/12/20 11:10:45 WARN Session access denied session_id=375b8ba226bb8f7e369fab9d23d7522a requesting_agent=agent-5001 owner_agent=agent-txe2
2025/12/20 11:10:45 WARN Session access denied: agent mismatch session_id=375b8ba226bb8f7e369fab9d23d7522a requesting_agent=agent-5001
2025/12/20 11:10:45 INFO Session created session_id=5a54016a5b53b9f61e3d64cea6caab5d agent_id=agent-g447
2025/12/20 11:10:45 WARN Session access denied session_id=5a54016a5b53b9f61e3d64cea6caab5d requesting_agent=agent-acrz owner_agent=agent-g447
2025/12/20 11:10:45 WARN Session access denied: agent mismatch session_id=5a54016a5b53b9f61e3d64cea6caab5d requesting_agent=agent-acrz
2025/12/20 11:10:45 INFO Session created session_id=d0915b2d55594ca4bcc574805cfafc72 agent_id=agent-rmlh
2025/12/20 11:10:45 WARN Session access denied session_id=d0915b2d55594ca4bcc574805cfafc72 requesting_agent=agent-1lzw owner_agent=agent-rmlh
2025/12/20 11:10:45 WARN Session access denied: agent mismatch session_id=d0915b2d55594ca4bcc574805cfafc72 requesting_agent=agent-1lzw
2025/12/20 11:10:45 INFO Session created session_id=b934ac92cbeab539bab6856961404689 agent_id=agent-at2a
2025/12/20 11:10:45 WARN Session access denied session_id=b934ac92cbeab539bab6856961404689 requesting_agent=agent-25g8 owner_agent=agent-at2a
2025/12/20 11:10:45 WARN Session access denied: agent mismatch session_id=b934ac92cbeab539bab6856961404689 requesting_agent=agent-25g8
2025/12/20 11:10:45 INFO Session created session_id=830f81f607ae559753ac429467aec581 agent_id=agent-7cuo
2025/12/20 11:10:45 WARN Session access denied session_id=830f81f607ae559753ac429467aec581 requesting_agent=agent-c0fc owner_agent=agent-7cuo
2025/12/20 11:10:45 WARN Session access denied: agent mismatch session_id=830f81f607ae559753ac429467aec581 requesting_agent=agent-c0fc
2025/12/20 11:10:45 INFO Session created session_id=4204ee360db93bdff7d591e71231fdf3 agent_id=agent-mc0m
2025/12/20 11:10:45 WARN Session access denied session_id=4204ee360db93bdff7d591e71231fdf3 requesting_agent=agent-152p owner_agent=agent-mc0m
2025/12/20 11:10:45 WARN Session access denied: agent mismatch session_id=4204ee360db93bdff7d591e71231fdf3 requesting_agent=agent-152p
2025/12/20 11:10:45 INFO Session created session_id=5904262dfff7b8f29ba668d6b3eb4930 agent_id=agent-1ez5
2025/12/20 11:10:45 WARN Session access denied session_id=5904262dfff7b8f29ba668d6b3eb4930 requesting_agent=agent-6287 owner_agent=agent-1ez5
2025/12/20 11:10:45 WARN Session access denied: agent mismatch session_id=5904262dfff7b8f29ba668d6b3eb4930 requesting_agent=agent-6287
2025/12/20 11:10:45 INFO Session created session_id=008ca30a2ac8a3f8c60211b0c60618b6 agent_id=agent-21q3
2025/12/20 11:10:45 WARN Session access denied session_id=008ca30a2ac8a3f8c60211b0c60618b6 requesting_agent=agent-d03j owner_agent=agent-21q3
2025/12/20 11:10:45 WARN Session access denied: agent mismatch session_id=008ca30a2ac8a3f8c60211b0c60618b6 requesting_agent=agent-d03j
2025/12/20 11:10:45 INFO Session created session_id=7e12a8d3e10777a9f69c9573fafdf1e3 agent_id=agent-4263
2025/12/20 11:10:45 WARN Session access denied session_id=7e12a8d3e10777a9f69c9573fafdf1e3 requesting_agent=agent-c0x1 owner_agent=agent-4263
2025/12/20 11:10:45 WARN Session access denied: agent mismatch session_id=7e12a8d3e10777a9f69c9573fafdf1e3 requesting_agent=agent-c0x1
2025/12/20 11:10:45 INFO Session created session_id=79d758c1971a9e3b4154e0559d066396 agent_id=agent-0971
2025/12/20 11:10:45 WARN Session access denied session_id=79d758c1971a9e3b4154e0559d066396 requesting_agent=agent-11e7 owner_agent=agent-0971
2025/12/20 11:10:45 WARN Session access denied: agent mismatch session_id=79d758c1971a9e3b4154e0559d066396 requesting_agent=agent-11e7
2025/12/20 11:10:45 INFO Session created session_id=e65d302ecf7c5b7298414c5e3c9f41a9 agent_id=agent-1bh5
2025/12/20 11:10:45 WARN Session access denied session_id=e65d302ecf7c5b7298414c5e3c9f41a9 requesting_agent=agent-0qr3 owner_agent=agent-1bh5
2025/12/20 11:10:45 WARN Session access denied: agent mismatch session_id=e65d302ecf7c5b7298414c5e3c9f41a9 requesting_agent=agent-0qr3
2025/12/20 11:10:45 INFO Session created session_id=621364199fbaa88bcf89c2af2cf9b429 agent_id=agent-t35t
2025/12/20 11:10:45 WARN Session access denied session_id=621364199fbaa88bcf89c2af2cf9b429 requesting_agent=agent-c1f7 owner_agent=agent-t35t
2025/12/20 11:10:45 WARN Session access denied: agent mismatch session_id=621364199fbaa88bcf89c2af2cf9b429 requesting_agent=agent-c1f7
2025/12/20 11:10:45 INFO Session created session_id=8d1f63d873d95140f64d81a08b5dd846 agent_id=agent-g11w
2025/12/20 11:10:45 WARN Session access denied session_id=8d1f63d873d95140f64d81a08b5dd846 requesting_agent=agent-321e owner_agent=agent-g11w
2025/12/20 11:10:45 WARN Session access denied: agent mismatch session_id=8d1f63d873d95140f64d81a08b5dd846 requesting_agent=agent-321e
2025/12/20 11:10:45 INFO Session created session_id=adae17cbe4405cadefe1c909432f115f agent_id=agent-i1u0
2025/12/20 11:10:45 WARN Session access denied session_id=adae17cbe4405cadefe1c909432f115f requesting_agent=agent-cl36 owner_agent=agent-i1u0
2025/12/20 11:10:45 WARN Session access denied: agent mismatch session_id=adae17cbe4405cadefe1c909432f115f requesting_agent=agent-cl36
2025/12/20 11:10:45 INFO Session created session_id=af0f2aebc34a3ca347ff3f63a31f6d02 agent_id=agent-z7z4
2025/12/20 11:10:45 WARN Session access denied session_id=af0f2aebc34a3ca347ff3f63a31f6d02 requesting_agent=agent-m16t owner_agent=agent-z7z4
2025/12/20 11:10:45 WARN Session access denied: agent mismatch session_id=af0f2aebc34a3ca347ff3f63a31f6d02 requesting_agent=agent-m16t
2025/12/20 11:10:45 INFO Session created session_id=2d7902c3a5fef703f5f73f829ebe8994 agent_id=agent-7it1
2025/12/20 11:10:45 WARN Session access denied session_id=2d7902c3a5fef703f5f73f829ebe8994 requesting_agent=agent-q8zg owner_agent=agent-7it1
2025/12/20 11:10:45 WARN Session access denied: agent mismatch session_id=2d7902c3a5fef703f5f73f829ebe8994 requesting_agent=agent-q8zg
2025/12/20 11:10:45 INFO Session created session_id=56750e12f7809676d8565688ba468869 agent_id=agent-jp1j
2025/12/20 11:10:45 WARN Session access denied session_id=56750e12f7809676d8565688ba468869 requesting_agent=agent-m013 owner_agent=agent-jp1j
2025/12/20 11:10:45 WARN Session access denied: agent mismatch session_id=56750e12f7809676d8565688ba468869 requesting_agent=agent-m013
2025/12/20 11:10:45 INFO Session created session_id=e7202679d38894a9ece4bfc33ef67745 agent_id=agent-f16u
2025/12/20 11:10:45 WARN Session access denied session_id=e7202679d38894a9ece4bfc33ef67745 requesting_agent=agent-y927 owner_agent=agent-f16u
2025/12/20 11:10:45 WARN Session access denied: agent mismatch session_id=e7202679d38894a9ece4bfc33ef67745 requesting_agent=agent-y927
2025/12/20 11:10:45 INFO Session created session_id=916fbbcc7a0c30d9955f57c7b509535d agent_id=agent-2q1n
2025/12/20 11:10:45 WARN Session access denied session_id=916fbbcc7a0c30d9955f57c7b509535d requesting_agent=agent-211d owner_agent=agent-2q1n
2025/12/20 11:10:45 WARN Session access denied: agent mismatch session_id=916fbbcc7a0c30d9955f57c7b509535d requesting_agent=agent-211d
2025/12/20 11:10:45 INFO Session created session_id=93213540f0fe14b1dbe2a85e284387e5 agent_id=agent-3g5t
2025/12/20 11:10:45 WARN Session access denied session_id=93213540f0fe14b1dbe2a85e284387e5 requesting_agent=agent-gis0 owner_agent=agent-3g5t
2025/12/20 11:10:45 WARN Session access denied: agent mismatch session_id=93213540f0fe14b1dbe2a85e284387e5 requesting_agent=agent-gis0
2025/12/20 11:10:45 INFO Session created session_id=9eb8ac4d0bb7b36518485fd40c6c98c5 agent_id=agent-q031
2025/12/20 11:10:45 WARN Session access denied session_id=9eb8ac4d0bb7b36518485fd40c6c98c5 requesting_agent=agent-cz1u owner_agent=agent-q031
2025/12/20 11:10:45 WARN Session access denied: agent mismatch session_id=9eb8ac4d0bb7b36518485fd40c6c98c5 requesting_agent=agent-cz1u
2025/12/20 11:10:45 INFO Session created session_id=1c8090b3fd957cbdcb1a2589b24d44a3 agent_id=agent-151k
2025/12/20 11:10:45 WARN Session access denied session_id=1c8090b3fd957cbdcb1a2589b24d44a3 requesting_agent=agent-ob27 owner_agent=agent-151k
2025/12/20 11:10:45 WARN Session access denied: agent mismatch session_id=1c8090b3fd957cbdcb1a2589b24d44a3 requesting_agent=agent-ob27
2025/12/20 11:10:45 INFO Session created session_id=fa467aa8d9292d089fcbc714998a06fc agent_id=agent-b303
2025/12/20 11:10:45 WARN Session access denied session_id=fa467aa8d9292d089fcbc714998a06fc requesting_agent=agent-0y16 owner_agent=agent-b303
2025/12/20 11:10:45 WARN Session access denied: agent mismatch session_id=fa467aa8d9292d089fcbc714998a06fc requesting_agent=agent-0y16
2025/12/20 11:10:45 INFO Session created session_id=e293265f3ffb849ca9dbbb97766ecf04 agent_id=agent-t281
2025/12/20 11:10:45 WARN Session access denied session_id=e293265f3ffb849ca9dbbb97766ecf04 requesting_agent=agent-bi9b owner_agent=agent-t281
2025/12/20 11:10:45 WARN Session access denied: agent mismatch session_id=e293265f3ffb849ca9dbbb97766ecf04 requesting_agent=agent-bi9b
2025/12/20 11:10:45 INFO Session created session_id=8db3bbd924398e9c8b9767b793b2711e agent_id=agent-k307
2025/12/20 11:10:45 WARN Session access denied session_id=8db3bbd924398e9c8b9767b793b2711e requesting_agent=agent-10sj owner_agent=agent-k307
2025/12/20 11:10:45 WARN Session access denied: agent mismatch session_id=8db3bbd924398e9c8b9767b793b2711e requesting_agent=agent-10sj
2025/12/20 11:10:45 INFO Session created session_id=b9ca5bd7014047d41b9718ffa0af8ac8 agent_id=agent-0111
2025/12/20 11:10:45 WARN Session access denied session_id=b9ca5bd7014047d41b9718ffa0af8ac8 requesting_agent=agent-1mns owner_agent=agent-0111
2025/12/20 11:10:45 WARN Session access denied: agent mismatch session_id=b9ca5bd7014047d41b9718ffa0af8ac8 requesting_agent=agent-1mns
2025/12/20 11:10:45 INFO Session created session_id=bf9115d79e935bbbfc81e11d31045d4a agent_id=agent-u30d
2025/12/20 11:10:45 WARN Session access denied session_id=bf9115d79e935bbbfc81e11d31045d4a requesting_agent=agent-zy3h owner_agent=agent-u30d
2025/12/20 11:10:45 WARN Session access denied: agent mismatch session_id=bf9115d79e935bbbfc81e11d31045d4a requesting_agent=agent-zy3h
2025/12/20 11:10:45 INFO Session created session_id=1a7a2391f260eb6d4dec59773c61390a agent_id=agent-333k
2025/12/20 11:10:45 WARN Session access denied session_id=1a7a2391f260eb6d4dec59773c61390a requesting_agent=agent-920j owner_agent=agent-333k
2025/12/20 11:10:45 WARN Session access denied: agent mismatch session_id=1a7a2391f260eb6d4dec59773c61390a requesting_agent=agent-920j
2025/12/20 11:10:45 INFO Session created session_id=92a58042916b68b4b05105625e0b572b agent_id=agent-3fg7
2025/12/20 11:10:45 WARN Session access denied session_id=92a58042916b68b4b05105625e0b572b requesting_agent=agent-19yg owner_agent=agent-3fg7
2025/12/20 11:10:45 WARN Session access denied: agent mismatch session_id=92a58042916b68b4b05105625e0b572b requesting_agent=agent-19yg
2025/12/20 11:10:45 INFO Session created session_id=94b3b6161411b1524243b53277171e1a agent_id=agent-s8jx
2025/12/20 11:10:45 WARN Session access denied session_id=94b3b6161411b1524243b53277171e1a requesting_agent=agent-0366 owner_agent=agent-s8jx
2025/12/20 11:10:45 WARN Session access denied: agent mismatch session_id=94b3b6161411b1524243b53277171e1a requesting_agent=agent-0366
2025/12/20 11:10:45 INFO Session created session_id=5c2e9d499260823fea14a0d8d6351243 agent_id=agent-1tpf
2025/12/20 11:10:45 WARN Session access denied session_id=5c2e9d499260823fea14a0d8d6351243 requesting_agent=agent-xhaz owner_agent=agent-1tpf
2025/12/20 11:10:45 WARN Session access denied: agent mismatch session_id=5c2e9d499260823fea14a0d8d6351243 requesting_agent=agent-xhaz
2025/12/20 11:10:45 INFO Session created session_id=729eb49f449c1fdb44f0b994fa15385b agent_id=agent-9eqg
2025/12/20 11:10:45 WARN Session access denied session_id=729eb49f449c1fdb44f0b994fa15385b requesting_agent=agent-y57x owner_agent=agent-9eqg
2025/12/20 11:10:45 WARN Session access denied: agent mismatch session_id=729eb49f449c1fdb44f0b994fa15385b requesting_agent=agent-y57x
2025/12/20 11:10:45 INFO Session created session_id=99fda9217c4dcee3a93bdd1d240a7b8c agent_id=agent-90d2
2025/12/20 11:10:45 WARN Session access denied session_id=99fda9217c4dcee3a93bdd1d240a7b8c requesting_agent=agent-7w90 owner_agent=agent-90d2
2025/12/20 11:10:45 WARN Session access denied: agent mismatch session_id=99fda9217c4dcee3a93bdd1d240a7b8c requesting_agent=agent-7w90
2025/12/20 11:10:45 INFO Session created session_id=d7686ecd4ef7431cae6384a7463ed024 agent_id=agent-f121
2025/12/20 11:10:45 WARN Session access denied session_id=d7686ecd4ef7431cae6384a7463ed024 requesting_agent=agent-b105 owner_agent=agent-f121
2025/12/20 11:10:45 WARN Session access denied: agent mismatch session_id=d7686ecd4ef7431cae6384a7463ed024 requesting_agent=agent-b105
2025/12/20 11:10:45 INFO Session created session_id=be45540ae38fcae24038a6b66b3e627f agent_id=agent-hmr5
2025/12/20 11:10:45 WARN Session access denied session_id=be45540ae38fcae24038a6b66b3e627f requesting_agent=agent-0506 owner_agent=agent-hmr5
2025/12/20 11:10:45 WARN Session access denied: agent mismatch session_id=be45540ae38fcae24038a6b66b3e627f requesting_agent=agent-0506
2025/12/20 11:10:45 INFO Session created session_id=6f512e7f89432fe1ea9b393c4fea580d agent_id=agent-fh1o
2025/12/20 11:10:45 WARN Session access denied session_id=6f512e7f89432fe1ea9b393c4fea580d requesting_agent=agent-7sup owner_agent=agent-fh1o
2025/12/20 11:10:45 WARN Session access denied: agent mismatch session_id=6f512e7f89432fe1ea9b393c4fea580d requesting_agent=agent-7sup
2025/12/20 11:10:45 INFO Session created session_id=40d653650ec29cde96111ce59b37ce27 agent_id=agent-2tk3
2025/12/20 11:10:45 WARN Session access denied session_id=40d653650ec29cde96111ce59b37ce27 requesting_agent=agent-006s owner_agent=agent-2tk3
2025/12/20 11:10:45 WARN Session access denied: agent mismatch session_id=40d653650ec29cde96111ce59b37ce27 requesting_agent=agent-006s
2025/12/20 11:10:45 INFO Session created session_id=2d2172cb7201882d87eb004a7a058133 agent_id=agent-s1zf
2025/12/20 11:10:45 WARN Session access denied session_id=2d2172cb7201882d87eb004a7a058133 requesting_agent=agent-n3dh owner_agent=agent-s1zf
2025/12/20 11:10:45 WARN Session access denied: agent mismatch session_id=2d2172cb7201882d87eb004a7a058133 requesting_agent=agent-n3dh
2025/12/20 11:10:45 INFO Session created session_id=a9c346238486184f8f1beeec1957a631 agent_id=agent-o7q6
2025/12/20 11:10:45 WARN Session access denied session_id=a9c346238486184f8f1beeec1957a631 requesting_agent=agent-kk17 owner_agent=agent-o7q6
2025/12/20 11:10:45 WARN Session access denied: agent mismatch session_id=a9c346238486184f8f1beeec1957a631 requesting_agent=agent-kk17
2025/12/20 11:10:45 INFO Session created session_id=1c221fec7101954a93c2c2066d362a63 agent_id=agent-h811
2025/12/20 11:10:45 WARN Session access denied session_id=1c221fec7101954a93c2c2066d362a63 requesting_agent=agent-7zn9 owner_agent=agent-h811
2025/12/20 11:10:45 WARN Session access denied: agent mismatch session_id=1c221fec7101954a93c2c2066d362a63 requesting_agent=agent-7zn9
2025/12/20 11:10:45 INFO Session created session_id=f957a98b2bd1a60568fff47fa4575cf1 agent_id=agent-4p10
2025/12/20 11:10:45 WARN Session access denied session_id=f957a98b2bd1a60568fff47fa4575cf1 requesting_agent=agent-007u owner_agent=agent-4p10
2025/12/20 11:10:45 WARN Session access denied: agent mismatch session_id=f957a98b2bd1a60568fff47fa4575cf1 requesting_agent=agent-007u
2025/12/20 11:10:45 INFO Session created session_id=96c7184d9c14b846fca6cc3b0259b1c9 agent_id=agent-14ff
2025/12/20 11:10:45 WARN Session access denied session_id=96c7184d9c14b846fca6cc3b0259b1c9 requesting_agent=agent-iacu owner_agent=agent-14ff
2025/12/20 11:10:45 WARN Session access denied: agent mismatch session_id=96c7184d9c14b846fca6cc3b0259b1c9 requesting_agent=agent-iacu
2025/12/20 11:10:45 INFO Session created session_id=091fdb5bdcb3fbfa8676ddfee2e13a0b agent_id=agent-4d43
2025/12/20 11:10:45 WARN Session access denied session_id=091fdb5bdcb3fbfa8676ddfee2e13a0b requesting_agent=agent-3tqi owner_agent=agent-4d43
2025/12/20 11:10:45 WARN Session access denied: agent mismatch session_id=091fdb5bdcb3fbfa8676ddfee2e13a0b requesting_agent=agent-3tqi
2025/12/20 11:10:45 INFO Session created session_id=824a4fd254718e3032ae0c208f072a7f agent_id=agent-5u1f
2025/12/20 11:10:45 WARN Session access denied session_id=824a4fd254718e3032ae0c208f072a7f requesting_agent=agent-ic0z owner_agent=agent-5u1f
2025/12/20 11:10:45 WARN Session access denied: agent mismatch session_id=824a4fd254718e3032ae0c208f072a7f requesting_agent=agent-ic0z
2025/12/20 11:10:45 INFO Session created session_id=2d40882c8bcea97cbd5c051ade746193 agent_id=agent-mvz4
2025/12/20 11:10:45 WARN Session access denied session_id=2d40882c8bcea97cbd5c051ade746193 requesting_agent=agent-74t2 owner_agent=agent-mvz4
2025/12/20 11:10:45 WARN Session access denied: agent mismatch session_id=2d40882c8bcea97cbd5c051ade746193 requesting_agent=agent-74t2
2025/12/20 11:10:45 INFO Session created session_id=7bd8ef12faa60803c945ead5cb98102c agent_id=agent-1u0f
2025/12/20 11:10:45 WARN Session access denied session_id=7bd8ef12faa60803c945ead5cb98102c requesting_agent=agent-1e79 owner_agent=agent-1u0f
2025/12/20 11:10:45 WARN Session access denied: agent mismatch session_id=7bd8ef12faa60803c945ead5cb98102c requesting_agent=agent-1e79
2025/12/20 11:10:45 INFO Session created session_id=454312af33a664f4ee3824d5510f74f3 agent_id=agent-5dxw
2025/12/20 11:10:45 WARN Session access denied session_id=454312af33a664f4ee3824d5510f74f3 requesting_agent=agent-r00m owner_agent=agent-5dxw
2025/12/20 11:10:45 WARN Session access denied: agent mismatch session_id=454312af33a664f4ee3824d5510f74f3 requesting_agent=agent-r00m
2025/12/20 11:10:45 INFO Session created session_id=2f5a074efcd5f35f5d17db06c8f9bd7c agent_id=agent-6acw
2025/12/20 11:10:45 WARN Session access denied session_id=2f5a074efcd5f35f5d17db06c8f9bd7c requesting_agent=agent-ic0s owner_agent=agent-6acw
2025/12/20 11:10:45 WARN Session access denied: agent mismatch session_id=2f5a074efcd5f35f5d17db06c8f9bd7c requesting_agent=agent-ic0s
2025/12/20 11:10:45 INFO Session created session_id=b571db06e30860187d34451fef18e3f6 agent_id=agent-0n63
2025/12/20 11:10:45 WARN Session access denied session_id=b571db06e30860187d34451fef18e3f6 requesting_agent=agent-trbd owner_agent=agent-0n63
2025/12/20 11:10:45 WARN Session access denied: agent mismatch session_id=b571db06e30860187d34451fef18e3f6 requesting_agent=agent-trbd
2025/12/20 11:10:45 INFO Session created session_id=38026764a2a7ab6d30a3995ed1d90289 agent_id=agent-vz3i
2025/12/20 11:10:45 WARN Session access denied session_id=38026764a2a7ab6d30a3995ed1d90289 requesting_agent=agent-0x16 owner_agent=agent-vz3i
2025/12/20 11:10:45 WARN Session access denied: agent mismatch session_id=38026764a2a7ab6d30a3995ed1d90289 requesting_agent=agent-0x16
2025/12/20 11:10:45 INFO Session created session_id=5bf14f03d37478db982fd0039278fa10 agent_id=agent-kfp0
2025/12/20 11:10:45 WARN Session access denied session_id=5bf14f03d37478db982fd0039278fa10 requesting_agent=agent-em5z owner_agent=agent-kfp0
2025/12/20 11:10:45 WARN Session access denied: agent mismatch session_id=5bf14f03d37478db982fd0039278fa10 requesting_agent=agent-em5z
2025/12/20 11:10:45 INFO Session created session_id=2600e2c4c1c3c105512a2978d8b6a764 agent_id=agent-r3o0
2025/12/20 11:10:45 WARN Session access denied session_id=2600e2c4c1c3c105512a2978d8b6a764 requesting_agent=agent-01n0 owner_agent=agent-r3o0
2025/12/20 11:10:45 WARN Session access denied: agent mismatch session_id=2600e2c4c1c3c105512a2978d8b6a764 requesting_agent=agent-01n0
2025/12/20 11:10:45 INFO Session created session_id=c29b71159c5f72ce11b097fe6e18dfa3 agent_id=agent-1200
2025/12/20 11:10:45 WARN Session access denied session_id=c29b71159c5f72ce11b097fe6e18dfa3 requesting_agent=agent-0100 owner_agent=agent-1200
2025/12/20 11:10:45 WARN Session access denied: agent mismatch session_id=c29b71159c5f72ce11b097fe6e18dfa3 requesting_agent=agent-0100
2025/12/20 11:10:45 INFO Session created session_id=04f99aff3c41115d629efd4e90c64618 agent_id=agent-y1e0
2025/12/20 11:10:45 WARN Session access denied session_id=04f99aff3c41115d629efd4e90c64618 requesting_agent=agent-zwr0 owner_agent=agent-y1e0
2025/12/20 11:10:45 WARN Session access denied: agent mismatch session_id=04f99aff3c41115d629efd4e90c64618 requesting_agent=agent-zwr0
2025/12/20 11:10:45 INFO Session created session_id=6a36feecbb8a96e097b672745c68bdd7 agent_id=agent-5ob6
2025/12/20 11:10:45 WARN Session access denied session_id=6a36feecbb8a96e097b672745c68bdd7 requesting_agent=agent-1w1g owner_agent=agent-5ob6
2025/12/20 11:10:45 WARN Session access denied: agent mismatch session_id=6a36feecbb8a96e097b672745c68bdd7 requesting_agent=agent-1w1g
2025/12/20 11:10:45 INFO Session created session_id=1641dd724e9f772b45f209fa773f8f01 agent_id=agent-0j90
2025/12/20 11:10:45 WARN Session access denied session_id=1641dd724e9f772b45f209fa773f8f01 requesting_agent=agent-21t7 owner_agent=agent-0j90
2025/12/20 11:10:45 WARN Session access denied: agent mismatch session_id=1641dd724e9f772b45f209fa773f8f01 requesting_agent=agent-21t7
2025/12/20 11:10:45 INFO Session created session_id=0f436aae5f9945e3b07c8eb959c0da31 agent_id=agent-5216
2025/12/20 11:10:45 WARN Session access denied session_id=0f436aae5f9945e3b07c8eb959c0da31 requesting_agent=agent-w010 owner_agent=agent-5216
2025/12/20 11:10:45 WARN Session access denied: agent mismatch session_id=0f436aae5f9945e3b07c8eb959c0da31 requesting_agent=agent-w010
2025/12/20 11:10:45 INFO Session created session_id=72607fc675e616c297c9350e3a870f42 agent_id=agent-829y
2025/12/20 11:10:45 WARN Session access denied session_id=72607fc675e616c297c9350e3a870f42 requesting_agent=agent-g011 owner_agent=agent-829y
2025/12/20 11:10:45 WARN Session access denied: agent mismatch session_id=72607fc675e616c297c9350e3a870f42 requesting_agent=agent-g011
2025/12/20 11:10:45 INFO Session created session_id=496b1d96a22d7d2ab23970e50a5f47f7 agent_id=agent-r541
2025/12/20 11:10:45 WARN Session access denied session_id=496b1d96a22d7d2ab23970e50a5f47f7 requesting_agent=agent-k10a owner_agent=agent-r541
2025/12/20 11:10:45 WARN Session access denied: agent mismatch session_id=496b1d96a22d7d2ab23970e50a5f47f7 requesting_agent=agent-k10a
2025/12/20 11:10:45 INFO Session created session_id=0a331c7c1c36243d84cb02904fef5600 agent_id=agent-d56i
2025/12/20 11:10:45 WARN Session access denied session_id=0a331c7c1c36243d84cb02904fef5600 requesting_agent=agent-vy6z owner_agent=agent-d56i
2025/12/20 11:10:45 WARN Session access denied: agent mismatch session_id=0a331c7c1c36243d84cb02904fef5600 requesting_agent=agent-vy6z
2025/12/20 11:10:45 INFO Session created session_id=2b1dd4373a3b88124a003fd4e6b0e7e2 agent_id=agent-c3x1
2025/12/20 11:10:45 WARN Session access denied session_id=2b1dd4373a3b88124a003fd4e6b0e7e2 requesting_agent=agent-72xk owner_agent=agent-c3x1
2025/12/20 11:10:45 WARN Session access denied: agent mismatch session_id=2b1dd4373a3b88124a003fd4e6b0e7e2 requesting_agent=agent-72xk
2025/12/20 11:10:45 INFO Session created session_id=2b7ffae9b40a03e626f2edec609d6cb7 agent_id=agent-4053
2025/12/20 11:10:45 WARN Session access denied session_id=2b7ffae9b40a03e626f2edec609d6cb7 requesting_agent=agent-yna3 owner_agent=agent-4053
2025/12/20 11:10:45 WARN Session access denied: agent mismatch session_id=2b7ffae9b40a03e626f2edec609d6cb7 requesting_agent=agent-yna3
2025/12/20 11:10:45 INFO Session created session_id=d290b06bcf8d3001bafebd4876088143 agent_id=agent-1211
2025/12/20 11:10:45 WARN Session access denied session_id=d290b06bcf8d3001bafebd4876088143 requesting_agent=agent-l21a owner_agent=agent-1211
2025/12/20 11:10:45 WARN Session access denied: agent mismatch session_id=d290b06bcf8d3001bafebd4876088143 requesting_agent=agent-l21a
2025/12/20 11:10:45 INFO Session created session_id=04d22a692432178dc0ebc4c50b94c19d agent_id=agent-016p
2025/12/20 11:10:45 WARN Session access denied session_id=04d22a692432178dc0ebc4c50b94c19d requesting_agent=agent-7554 owner_agent=agent-016p
2025/12/20 11:10:45 WARN Session access denied: agent mismatch session_id=04d22a692432178dc0ebc4c50b94c19d requesting_agent=agent-7554
2025/12/20 11:10:45 INFO Session created session_id=73c527d590c9c556bea98c2cd24e47f6 agent_id=agent-jw00
2025/12/20 11:10:45 WARN Session access denied session_id=73c527d590c9c556bea98c2cd24e47f6 requesting_agent=agent-qy55 owner_agent=agent-jw00
2025/12/20 11:10:45 WARN Session access denied: agent mismatch session_id=73c527d590c9c556bea98c2cd24e47f6 requesting_agent=agent-qy55
2025/12/20 11:10:45 INFO Session created session_id=39caeec605aebbc9651bbc8eedc98a38 agent_id=agent-065k
2025/12/20 11:10:45 WARN Session access denied session_id=39caeec605aebbc9651bbc8eedc98a38 requesting_agent=agent-f0pj owner_agent=agent-065k
2025/12/20 11:10:45 WARN Session access denied: agent mismatch session_id=39caeec605aebbc9651bbc8eedc98a38 requesting_agent=agent-f0pj
2025/12/20 11:10:45 INFO Session created session_id=43580ca7340a41796029e8faa43d3e92 agent_id=agent-136a
2025/12/20 11:10:45 WARN Session access denied session_id=43580ca7340a41796029e8faa43d3e92 requesting_agent=agent-q191 owner_agent=agent-136a
2025/12/20 11:10:45 WARN Session access denied: agent mismatch session_id=43580ca7340a41796029e8faa43d3e92 requesting_agent=agent-q191
2025/12/20 11:10:45 INFO Session created session_id=91e6acee689a5472ca2a1862608292c3 agent_id=agent-1jlz
2025/12/20 11:10:45 WARN Session access denied session_id=91e6acee689a5472ca2a1862608292c3 requesting_agent=agent-lr4m owner_agent=agent-1jlz
2025/12/20 11:10:45 WARN Session access denied: agent mismatch session_id=91e6acee689a5472ca2a1862608292c3 requesting_agent=agent-lr4m
2025/12/20 11:10:45 INFO Session created session_id=2477e516e4366582e633b7a0c5a1a81b agent_id=agent-9924
2025/12/20 11:10:45 WARN Session access denied session_id=2477e516e4366582e633b7a0c5a1a81b requesting_agent=agent-2s11 owner_agent=agent-9924
2025/12/20 11:10:45 WARN Session access denied: agent mismatch session_id=2477e516e4366582e633b7a0c5a1a81b requesting_agent=agent-2s11
2025/12/20 11:10:45 INFO Session created session_id=7b0a4046d93a770ef5de10b28e7c6c4d agent_id=agent-fniu
2025/12/20 11:10:45 WARN Session access denied session_id=7b0a4046d93a770ef5de10b28e7c6c4d requesting_agent=agent-p750 owner_agent=agent-fniu
2025/12/20 11:10:45 WARN Session access denied: agent mismatch session_id=7b0a4046d93a770ef5de10b28e7c6c4d requesting_agent=agent-p750
    middleware_test.go:231: [rapid] OK, passed 100 tests (4.2305ms)
--- PASS: TestMultiTenantSessionIsolationProperty (0.00s)
=== RUN   TestStrictAuthEnforcementProperty
2025/12/20 11:10:45 WARN Request missing agent ID path=/test method=GET remote_addr=192.0.2.1:1234
2025/12/20 11:10:45 WARN Request missing agent ID path=/test method=GET remote_addr=192.0.2.1:1234
2025/12/20 11:10:45 WARN Request missing agent ID path=/test method=GET remote_addr=192.0.2.1:1234
2025/12/20 11:10:45 WARN Request missing agent ID path=/test method=GET remote_addr=192.0.2.1:1234
2025/12/20 11:10:45 WARN Request missing agent ID path=/test method=GET remote_addr=192.0.2.1:1234
2025/12/20 11:10:45 WARN Request missing agent ID path=/test method=GET remote_addr=192.0.2.1:1234
2025/12/20 11:10:45 WARN Request missing agent ID path=/test method=GET remote_addr=192.0.2.1:1234
2025/12/20 11:10:45 WARN Request missing agent ID path=/test method=GET remote_addr=192.0.2.1:1234
2025/12/20 11:10:45 WARN Request missing agent ID path=/test method=GET remote_addr=192.0.2.1:1234
2025/12/20 11:10:45 WARN Request missing agent ID path=/test method=GET remote_addr=192.0.2.1:1234
2025/12/20 11:10:45 WARN Request missing agent ID path=/test method=GET remote_addr=192.0.2.1:1234
2025/12/20 11:10:45 WARN Request missing agent ID path=/test method=GET remote_addr=192.0.2.1:1234
2025/12/20 11:10:45 WARN Request missing agent ID path=/test method=GET remote_addr=192.0.2.1:1234
2025/12/20 11:10:45 WARN Request missing agent ID path=/test method=GET remote_addr=192.0.2.1:1234
2025/12/20 11:10:45 WARN Request missing agent ID path=/test method=GET remote_addr=192.0.2.1:1234
2025/12/20 11:10:45 WARN Request missing agent ID path=/test method=GET remote_addr=192.0.2.1:1234
2025/12/20 11:10:45 WARN Request missing agent ID path=/test method=GET remote_addr=192.0.2.1:1234
2025/12/20 11:10:45 WARN Request missing agent ID path=/test method=GET remote_addr=192.0.2.1:1234
2025/12/20 11:10:45 WARN Request missing agent ID path=/test method=GET remote_addr=192.0.2.1:1234
2025/12/20 11:10:45 WARN Request missing agent ID path=/test method=GET remote_addr=192.0.2.1:1234
2025/12/20 11:10:45 WARN Request missing agent ID path=/test method=GET remote_addr=192.0.2.1:1234
2025/12/20 11:10:45 WARN Request missing agent ID path=/test method=GET remote_addr=192.0.2.1:1234
2025/12/20 11:10:45 WARN Request missing agent ID path=/test method=GET remote_addr=192.0.2.1:1234
2025/12/20 11:10:45 WARN Request missing agent ID path=/test method=GET remote_addr=192.0.2.1:1234
2025/12/20 11:10:45 WARN Request missing agent ID path=/test method=GET remote_addr=192.0.2.1:1234
2025/12/20 11:10:45 WARN Request missing agent ID path=/test method=GET remote_addr=192.0.2.1:1234
2025/12/20 11:10:45 WARN Request missing agent ID path=/test method=GET remote_addr=192.0.2.1:1234
2025/12/20 11:10:45 WARN Request missing agent ID path=/test method=GET remote_addr=192.0.2.1:1234
2025/12/20 11:10:45 WARN Request missing agent ID path=/test method=GET remote_addr=192.0.2.1:1234
2025/12/20 11:10:45 WARN Request missing agent ID path=/test method=GET remote_addr=192.0.2.1:1234
2025/12/20 11:10:45 WARN Request missing agent ID path=/test method=GET remote_addr=192.0.2.1:1234
2025/12/20 11:10:45 WARN Request missing agent ID path=/test method=GET remote_addr=192.0.2.1:1234
2025/12/20 11:10:45 WARN Request missing agent ID path=/test method=GET remote_addr=192.0.2.1:1234
2025/12/20 11:10:45 WARN Request missing agent ID path=/test method=GET remote_addr=192.0.2.1:1234
2025/12/20 11:10:45 WARN Request missing agent ID path=/test method=GET remote_addr=192.0.2.1:1234
2025/12/20 11:10:45 WARN Request missing agent ID path=/test method=GET remote_addr=192.0.2.1:1234
2025/12/20 11:10:45 WARN Request missing agent ID path=/test method=GET remote_addr=192.0.2.1:1234
2025/12/20 11:10:45 WARN Request missing agent ID path=/test method=GET remote_addr=192.0.2.1:1234
2025/12/20 11:10:45 WARN Request missing agent ID path=/test method=GET remote_addr=192.0.2.1:1234
2025/12/20 11:10:45 WARN Request missing agent ID path=/test method=GET remote_addr=192.0.2.1:1234
2025/12/20 11:10:45 WARN Request missing agent ID path=/test method=GET remote_addr=192.0.2.1:1234
2025/12/20 11:10:45 WARN Request missing agent ID path=/test method=GET remote_addr=192.0.2.1:1234
2025/12/20 11:10:45 WARN Request missing agent ID path=/test method=GET remote_addr=192.0.2.1:1234
2025/12/20 11:10:45 WARN Request missing agent ID path=/test method=GET remote_addr=192.0.2.1:1234
2025/12/20 11:10:45 WARN Request missing agent ID path=/test method=GET remote_addr=192.0.2.1:1234
2025/12/20 11:10:45 WARN Request missing agent ID path=/test method=GET remote_addr=192.0.2.1:1234
2025/12/20 11:10:45 WARN Request missing agent ID path=/test method=GET remote_addr=192.0.2.1:1234
2025/12/20 11:10:45 WARN Request missing agent ID path=/test method=GET remote_addr=192.0.2.1:1234
2025/12/20 11:10:45 WARN Request missing agent ID path=/test method=GET remote_addr=192.0.2.1:1234
2025/12/20 11:10:45 WARN Request missing agent ID path=/test method=GET remote_addr=192.0.2.1:1234
2025/12/20 11:10:45 WARN Request missing agent ID path=/test method=GET remote_addr=192.0.2.1:1234
2025/12/20 11:10:45 WARN Request missing agent ID path=/test method=GET remote_addr=192.0.2.1:1234
2025/12/20 11:10:45 WARN Request missing agent ID path=/test method=GET remote_addr=192.0.2.1:1234
2025/12/20 11:10:45 WARN Request missing agent ID path=/test method=GET remote_addr=192.0.2.1:1234
2025/12/20 11:10:45 WARN Request missing agent ID path=/test method=GET remote_addr=192.0.2.1:1234
2025/12/20 11:10:45 WARN Request missing agent ID path=/test method=GET remote_addr=192.0.2.1:1234
2025/12/20 11:10:45 WARN Request missing agent ID path=/test method=GET remote_addr=192.0.2.1:1234
2025/12/20 11:10:45 WARN Request missing agent ID path=/test method=GET remote_addr=192.0.2.1:1234
2025/12/20 11:10:45 WARN Request missing agent ID path=/test method=GET remote_addr=192.0.2.1:1234
2025/12/20 11:10:45 WARN Request missing agent ID path=/test method=GET remote_addr=192.0.2.1:1234
2025/12/20 11:10:45 WARN Request missing agent ID path=/test method=GET remote_addr=192.0.2.1:1234
2025/12/20 11:10:45 WARN Request missing agent ID path=/test method=GET remote_addr=192.0.2.1:1234
2025/12/20 11:10:45 WARN Request missing agent ID path=/test method=GET remote_addr=192.0.2.1:1234
2025/12/20 11:10:45 WARN Request missing agent ID path=/test method=GET remote_addr=192.0.2.1:1234
2025/12/20 11:10:45 WARN Request missing agent ID path=/test method=GET remote_addr=192.0.2.1:1234
2025/12/20 11:10:45 WARN Request missing agent ID path=/test method=GET remote_addr=192.0.2.1:1234
2025/12/20 11:10:45 WARN Request missing agent ID path=/test method=GET remote_addr=192.0.2.1:1234
2025/12/20 11:10:45 WARN Request missing agent ID path=/test method=GET remote_addr=192.0.2.1:1234
2025/12/20 11:10:45 WARN Request missing agent ID path=/test method=GET remote_addr=192.0.2.1:1234
2025/12/20 11:10:45 WARN Request missing agent ID path=/test method=GET remote_addr=192.0.2.1:1234
2025/12/20 11:10:45 WARN Request missing agent ID path=/test method=GET remote_addr=192.0.2.1:1234
2025/12/20 11:10:45 WARN Request missing agent ID path=/test method=GET remote_addr=192.0.2.1:1234
2025/12/20 11:10:45 WARN Request missing agent ID path=/test method=GET remote_addr=192.0.2.1:1234
2025/12/20 11:10:45 WARN Request missing agent ID path=/test method=GET remote_addr=192.0.2.1:1234
2025/12/20 11:10:45 WARN Request missing agent ID path=/test method=GET remote_addr=192.0.2.1:1234
2025/12/20 11:10:45 WARN Request missing agent ID path=/test method=GET remote_addr=192.0.2.1:1234
2025/12/20 11:10:45 WARN Request missing agent ID path=/test method=GET remote_addr=192.0.2.1:1234
2025/12/20 11:10:45 WARN Request missing agent ID path=/test method=GET remote_addr=192.0.2.1:1234
2025/12/20 11:10:45 WARN Request missing agent ID path=/test method=GET remote_addr=192.0.2.1:1234
2025/12/20 11:10:45 WARN Request missing agent ID path=/test method=GET remote_addr=192.0.2.1:1234
2025/12/20 11:10:45 WARN Request missing agent ID path=/test method=GET remote_addr=192.0.2.1:1234
2025/12/20 11:10:45 WARN Request missing agent ID path=/test method=GET remote_addr=192.0.2.1:1234
2025/12/20 11:10:45 WARN Request missing agent ID path=/test method=GET remote_addr=192.0.2.1:1234
2025/12/20 11:10:45 WARN Request missing agent ID path=/test method=GET remote_addr=192.0.2.1:1234
2025/12/20 11:10:45 WARN Request missing agent ID path=/test method=GET remote_addr=192.0.2.1:1234
2025/12/20 11:10:45 WARN Request missing agent ID path=/test method=GET remote_addr=192.0.2.1:1234
2025/12/20 11:10:45 WARN Request missing agent ID path=/test method=GET remote_addr=192.0.2.1:1234
2025/12/20 11:10:45 WARN Request missing agent ID path=/test method=GET remote_addr=192.0.2.1:1234
2025/12/20 11:10:45 WARN Request missing agent ID path=/test method=GET remote_addr=192.0.2.1:1234
2025/12/20 11:10:45 WARN Request missing agent ID path=/test method=GET remote_addr=192.0.2.1:1234
2025/12/20 11:10:45 WARN Request missing agent ID path=/test method=GET remote_addr=192.0.2.1:1234
2025/12/20 11:10:45 WARN Request missing agent ID path=/test method=GET remote_addr=192.0.2.1:1234
2025/12/20 11:10:45 WARN Request missing agent ID path=/test method=GET remote_addr=192.0.2.1:1234
2025/12/20 11:10:45 WARN Request missing agent ID path=/test method=GET remote_addr=192.0.2.1:1234
2025/12/20 11:10:45 WARN Request missing agent ID path=/test method=GET remote_addr=192.0.2.1:1234
2025/12/20 11:10:45 WARN Request missing agent ID path=/test method=GET remote_addr=192.0.2.1:1234
2025/12/20 11:10:45 WARN Request missing agent ID path=/test method=GET remote_addr=192.0.2.1:1234
2025/12/20 11:10:45 WARN Request missing agent ID path=/test method=GET remote_addr=192.0.2.1:1234
2025/12/20 11:10:45 WARN Request missing agent ID path=/test method=GET remote_addr=192.0.2.1:1234
2025/12/20 11:10:45 WARN Request missing agent ID path=/test method=GET remote_addr=192.0.2.1:1234
    middleware_test.go:252: [rapid] OK, passed 100 tests (1.0598ms)
--- PASS: TestStrictAuthEnforcementProperty (0.00s)
=== RUN   TestRelaxedAuthFallbackProperty
    middleware_test.go:274: [rapid] OK, passed 100 tests (528.8┬Ás)
--- PASS: TestRelaxedAuthFallbackProperty (0.00s)
PASS
ok  	github.com/polisai/polis-oss/pkg/bridge	(cached)
